[92mâ”€â”€â”€â”€â”€â”€â”€â”€â”€â”€â”€â”€â”€â”€â”€â”€â”€â”€â”€â”€â”€â”€â”€â”€â”€â”€ [0massessment and proposed new state[92m â”€â”€â”€â”€â”€â”€â”€â”€â”€â”€â”€â”€â”€â”€â”€â”€â”€â”€â”€â”€â”€â”€â”€â”€â”€â”€â”€[0m

[3msnapshots of /path/to/source1 in /snapshots                               [0m
 â”€â”€â”€â”€â”€â”€â”€â”€â”€â”€â”€â”€â”€â”€â”€â”€â”€â”€â”€â”€â”€â”€â”€â”€â”€â”€â”€â”€â”€â”€â”€â”€â”€â”€â”€â”€â”€â”€â”€â”€â”€â”€â”€â”€â”€â”€â”€â”€â”€â”€â”€â”€â”€â”€â”€â”€â”€â”€â”€â”€â”€â”€â”€â”€â”€â”€â”€â”€â”€â”€â”€â”€ 
 [1m [0m[1mpath                 [0m[1m [0m [1m [0m[1mctime              [0m[1m [0m [1m [0m[1mctransid[0m[1m [0m [1m [0m[1mpreserve     [0m[1m [0m 
 â”€â”€â”€â”€â”€â”€â”€â”€â”€â”€â”€â”€â”€â”€â”€â”€â”€â”€â”€â”€â”€â”€â”€â”€â”€â”€â”€â”€â”€â”€â”€â”€â”€â”€â”€â”€â”€â”€â”€â”€â”€â”€â”€â”€â”€â”€â”€â”€â”€â”€â”€â”€â”€â”€â”€â”€â”€â”€â”€â”€â”€â”€â”€â”€â”€â”€â”€â”€â”€â”€â”€â”€ 
  /snapshots/snap1_1      [34m2006[0m[34m-[0m[34m01[0m[34m-[0m[34m01[0mT[35m00[0m[35m:[0m[35m00[0m[35m:[0m[35m00[0m  [36m [0m[36m120     [0m[36m [0m  [34m2006[0m yearly    
 [2m [0m[2m/snapshots/snap1_2   [0m[2m [0m [2m [0m[2;34m2006[0m[2;34m-[0m[2;34m01[0m[2;34m-[0m[2;34m02[0m[2mT[0m[2;35m00[0m[2;35m:[0m[2;35m00[0m[2;35m:[0m[2;35m00[0m[2m [0m [2;36m [0m[2;36m122     [0m[2;36m [0m [2m [0m[2;34m2006[0m[2m yearly  [0m[2m [0m 
  âœ¨/snapshots/proposed   [34m2006[0m[34m-[0m[34m01[0m[34m-[0m[34m02[0mT[35m00[0m[35m:[0m[35m00[0m[35m:[0m[35m00[0m  [36m [0m[36m123     [0m[36m [0m  [32m<most recent>[0m  
 â”€â”€â”€â”€â”€â”€â”€â”€â”€â”€â”€â”€â”€â”€â”€â”€â”€â”€â”€â”€â”€â”€â”€â”€â”€â”€â”€â”€â”€â”€â”€â”€â”€â”€â”€â”€â”€â”€â”€â”€â”€â”€â”€â”€â”€â”€â”€â”€â”€â”€â”€â”€â”€â”€â”€â”€â”€â”€â”€â”€â”€â”€â”€â”€â”€â”€â”€â”€â”€â”€â”€â”€ 

tree of incremental backups of /path/to/source1 in bucket my-bucket
â”œâ”€â”€ â•­â”€ key: [32mbackup1_1[0m â”€â”€â”€â”€â”€â”€â”€â”€â”€â”€â”€â”€â”€â”€â”€â”€â”€â”€â”€â”€â”€â”€â”€â”€â”€â”€â”€â”€â”€â”€â”€â”€â”€â”€â”€â”€â”€â”€â”€â”€â”€â”€â”€â”€â”€â”€â”€â”€â”€â”€â”€â”€â”€â”€â”€â”€â”€â”€â”€â”€â”€â”€â”€â”€â”€â•®
â”‚   â”‚ [34m2006[0m[34m-[0m[34m01[0m[34m-[0m[34m01[0mT[35m00[0m[35m:[0m[35m00[0m[35m:[0m[35m00[0m / ctransid [36m120[0m                                               â”‚
â”‚   â”‚ [34m2006[0m yearly                                                                      â”‚
â”‚   â”‚ backup of: /snapshots/snap1_1                                                    â”‚
â”‚   â•°â”€â”€â”€â”€â”€â”€â”€â”€â”€â”€â”€â”€â”€â”€â”€â”€â”€â”€â”€â”€â”€â”€â”€â”€â”€â”€â”€â”€â”€â”€â”€â”€â”€â”€â”€â”€â”€â”€â”€â”€â”€â”€â”€â”€â”€â”€â”€â”€â”€â”€â”€â”€â”€â”€â”€â”€â”€â”€â”€â”€â”€â”€â”€â”€â”€â”€â”€â”€â”€â”€â”€â”€â”€â”€â”€â”€â”€â”€â”€â”€â”€â”€â•¯
â”‚   â””â”€â”€ â•­â”€ key: [32mbackup1_2[0m â”€â”€â”€â”€â”€â”€â”€â”€â”€â”€â”€â”€â”€â”€â”€â”€â”€â”€â”€â”€â”€â”€â”€â”€â”€â”€â”€â”€â”€â”€â”€â”€â”€â”€â”€â”€â”€â”€â”€â”€â”€â”€â”€â”€â”€â”€â”€â”€â”€â”€â”€â”€â”€â”€â”€â”€â”€â”€â”€â”€â”€â•®
â”‚       â”‚ [34m2006[0m[34m-[0m[34m01[0m[34m-[0m[34m02[0mT[35m00[0m[35m:[0m[35m00[0m[35m:[0m[35m00[0m / ctransid [36m122[0m                                           â”‚
â”‚       â”‚ [34m2006[0m yearly                                                                  â”‚
â”‚       â”‚ backup of: /snapshots/snap1_2                                                â”‚
â”‚       â•°â”€â”€â”€â”€â”€â”€â”€â”€â”€â”€â”€â”€â”€â”€â”€â”€â”€â”€â”€â”€â”€â”€â”€â”€â”€â”€â”€â”€â”€â”€â”€â”€â”€â”€â”€â”€â”€â”€â”€â”€â”€â”€â”€â”€â”€â”€â”€â”€â”€â”€â”€â”€â”€â”€â”€â”€â”€â”€â”€â”€â”€â”€â”€â”€â”€â”€â”€â”€â”€â”€â”€â”€â”€â”€â”€â”€â”€â”€â•¯
â””â”€â”€ â•­â”€ key: âœ¨[32mTBD[0m â”€â”€â”€â”€â”€â”€â”€â”€â”€â”€â”€â”€â”€â”€â”€â”€â”€â”€â”€â”€â”€â”€â”€â”€â”€â”€â”€â”€â”€â”€â”€â”€â”€â”€â”€â”€â”€â”€â”€â”€â”€â”€â”€â”€â”€â”€â”€â”€â”€â”€â”€â”€â”€â”€â”€â”€â”€â”€â”€â”€â”€â”€â”€â”€â”€â”€â”€â”€â”€â•®
    â”‚ [32m<most recent>[0m                                                                    â”‚
    â”‚ backup of: âœ¨/snapshots/proposed                                                 â”‚
    â•°â”€â”€â”€â”€â”€â”€â”€â”€â”€â”€â”€â”€â”€â”€â”€â”€â”€â”€â”€â”€â”€â”€â”€â”€â”€â”€â”€â”€â”€â”€â”€â”€â”€â”€â”€â”€â”€â”€â”€â”€â”€â”€â”€â”€â”€â”€â”€â”€â”€â”€â”€â”€â”€â”€â”€â”€â”€â”€â”€â”€â”€â”€â”€â”€â”€â”€â”€â”€â”€â”€â”€â”€â”€â”€â”€â”€â”€â”€â”€â”€â”€â”€â•¯


